controllers\Secretary\SecretaryController$SecretaryOrderMedicineListener.class
models\AppointmentRequest.class
Views\Admin\AdminModifySecretariesView.class
Views\Doctor\DoctorViewPatientView$1.class
controllers\Patient\PatientLeaveFeedbackForDoctorController$SubmitListener.class
controllers\Secretary\SecretaryDeleteUserManualController$DeleteListener.class
controllers\Doctor\DoctorViewPatientController$BackListener.class
controllers\LoginController$LoginListener.class
controllers\Patient\PatientRequestAppointmentController.class
Views\Secretary\SecretaryOrderMedicineView.class
Views\Patient\PatientViewHistoryView$1.class
models\AccountDeleteRequest.class
controllers\Doctor\DoctorCreateNewMedicineController.class
controllers\Secretary\SecretaryController$LogoutListener.class
Views\Patient\PatientViewAppointmentView$1.class
controllers\Secretary\SecretaryAppointmentController$BackListener.class
Views\Secretary\SecretaryDeleteUserManualView.class
Views\Admin\AdminModifyDoctorsView.class
controllers\Admin\AdminModifyDoctorsController.class
Views\SignupView.class
controllers\LoginController.class
controllers\Patient\PatientViewPerscriptionController$PatientPrintListener.class
controllers\RequestMaker.class
Views\Secretary\SecretaryApproveAppointmentView.class
controllers\Patient\PatientRequestAppointmentController$SubmitListener.class
controllers\SignupController$BackListener.class
models\Appointment.class
Views\Admin\AdminCreateAccountView$2.class
controllers\Secretary\SecretaryOrderMedicineController.class
Views\SignupView$5.class
controllers\Patient\PatientViewAppointmentController.class
controllers\Secretary\SecretaryOrderMedicineController$BackListener.class
Views\Patient\PatientViewPerscriptionView.class
controllers\Secretary\SecretaryApprovePatientController$BackListener.class
controllers\Secretary\SecretaryDeleteUserRequestController.class
models\user\Doctor.class
controllers\SignupController$SubmitListener.class
Views\Secretary\SecretaryDeleteUserRequestView.class
Views\soft252ReferalView$3.class
Views\SignupView$2.class
controllers\Admin\AdminViewRatingsController$SubmitListener.class
controllers\Secretary\SecretaryController$LogoutListener$1.class
controllers\Secretary\SecretaryController$2.class
controllers\Doctor\DoctorController.class
controllers\Patient\PatientLeaveFeedbackForDoctorController.class
controllers\Secretary\SecretaryCompletePerscriptionController$SubmitListener.class
Views\LoginView$1.class
models\NewAccountRequest.class
controllers\Admin\AdminController$AdminModifySecretariesListener.class
controllers\Patient\PatientController$PatientLogoutListener$1.class
controllers\Secretary\SecretaryApproveAppointmentController$DeclineListener.class
models\user\Administrator.class
Views\Secretary\SecretaryCompletePerscriptionView$1.class
Views\Admin\AdminDoctorFeedBackView.class
Views\soft252ReferalView$2.class
controllers\Admin\AdminController$AdminViewRatingsListener.class
controllers\Doctor\DoctorCreatePerscriptionController$SubmitListner.class
Views\Patient\PatientViewAppointmentView.class
controllers\Secretary\SecretaryController$SecretaryApproveAppointmentListener.class
controllers\Admin\AdminViewRatingsController.class
controllers\Doctor\DoctorStartAppointmentController$SubmitListener.class
controllers\Secretary\SecretaryCompletePerscriptionController$BackListener.class
Views\Doctor\DoctorStartAppointmentView.class
controllers\Doctor\DoctorCreatePerscriptionController.class
controllers\Secretary\SecretaryController$1.class
controllers\Admin\AdminModifyDoctorsController$BackListener.class
Views\SignupView$1.class
models\Rating.class
controllers\Admin\AdminDoctorFeedBackController.class
controllers\Patient\PatientController.class
Views\Secretary\SecretaryAppointmentView$1.class
controllers\Secretary\SecretaryController$SecretaryApprovePatientListener.class
controllers\Secretary\SecretaryDeleteUserManualController$BackListener.class
models\Observable.class
controllers\Doctor\DoctorViewPatientController$SelectListener.class
Views\Secretary\SecretaryApprovePatientView.class
controllers\Patient\PatientRequestAppointmentController$BackListener.class
Views\soft252ReferalView$1.class
controllers\Doctor\DoctorController$CreateNewMedicineListener.class
controllers\Secretary\SecretaryController.class
Views\Secretary\SecretaryAppointmentView$2.class
controllers\Secretary\SecretaryApproveAppointmentController$BackListener.class
Views\Doctor\DoctorCreateNewMedicineView.class
controllers\Patient\PatientController$PatientLogoutListener.class
controllers\Admin\AdminModifySecretariesController$DeleteListener.class
Views\Doctor\DoctorViewAppointmentsView$1.class
controllers\Admin\AdminCreateAccountController.class
controllers\Admin\AdminController.class
models\user\User.class
Views\Admin\AdminCreateAccountView.class
Views\Secretary\SecretaryView.class
controllers\Secretary\SecretaryCompletePerscriptionController.class
Views\Doctor\DoctorCreatePerscriptionView.class
controllers\Admin\AdminController$AdminLogoutListener$1.class
Views\Secretary\SecretaryAppointmentView.class
controllers\SignupController$SubmitListener$1.class
Views\Patient\PatientRequestAppointmentView.class
controllers\Admin\AdminDoctorFeedBackController$FeedBackListener.class
controllers\MedicineFactory.class
controllers\Secretary\SecretaryApprovePatientController$SubmitListener.class
controllers\Patient\PatientController$PatientAppointmentListener.class
controllers\Doctor\DoctorViewPatientController.class
controllers\Secretary\SecretaryDeleteUserRequestController$BackListener.class
controllers\Admin\AdminController$AdminCreateAccountListener.class
Views\Patient\PatientView.class
models\Request.class
controllers\Doctor\DoctorController$ViewPatientHistoryListener.class
controllers\Secretary\SecretaryController$SecretaryDeleteUserListener.class
models\user\Patient.class
controllers\Doctor\DoctorStartAppointmentController$BackListener.class
controllers\Secretary\SecretaryController$SecretaryDeletePatientRequestListener.class
controllers\Patient\PatientViewHistoryController.class
Views\Admin\AdminView.class
controllers\Patient\PatientController$PatientViewHistoryListener.class
controllers\Patient\PatientController$PatientRequestAccountDeletionListener$1.class
controllers\Admin\AdminModifyDoctorsController$DeleteListener.class
Views\SignupView$3.class
controllers\Patient\PatientViewPerscriptionController$PatientBackListener.class
Views\Doctor\DoctorStartAppointmentView$1.class
controllers\Patient\PatientController$PatientRequestAccountDeletionListener.class
controllers\Patient\PatientLeaveFeedbackForDoctorController$BackListener.class
Views\Doctor\DoctorViewAppointmentsView.class
controllers\Doctor\DoctorController$CreatePerscriptionListener.class
controllers\Admin\AdminModifySecretariesController$BackListener.class
controllers\Admin\AdminModifySecretariesController.class
controllers\Secretary\SecretaryApproveAppointmentController$SubmitListener.class
models\user\Secretary.class
Views\Patient\PatientViewPerscriptionView$1.class
controllers\Patient\PatientViewAppointmentController$PatientViewAppointmentBackListener.class
controllers\Secretary\SecretaryDeleteUserRequestController$DeleteListener.class
Views\Patient\PatientLeaveFeedbackForDoctorView$1.class
controllers\SignupController$BackListener$1.class
controllers\Admin\AdminCreateAccountController$BackListener.class
Views\Admin\AdminViewRatingsView.class
controllers\Secretary\SecretaryController$SecretaryCompletePerscriptionListener.class
controllers\Patient\PatientViewHistoryController$PatientViewHistoryBackListener.class
models\Perscription.class
Views\Admin\AdminCreateAccountView$3.class
controllers\Admin\AdminCreateAccountController$SubmitListener.class
Views\Doctor\DoctorCreatePerscriptionView$1.class
controllers\Admin\AdminController$AdminModifyDoctorsListener.class
controllers\LoginController$SignupListener.class
controllers\Admin\AdminViewRatingsController$BackListener.class
Views\Patient\PatientLeaveFeedbackForDoctorView.class
Views\soft252ReferalView.class
controllers\Doctor\DoctorViewAppointmentsController$BackListener.class
controllers\Admin\AdminDoctorFeedBackController$BackListener.class
Views\Secretary\SecretaryOrderMedicineView$1.class
controllers\Doctor\DoctorCreateNewMedicineController$BackListener.class
controllers\Doctor\DoctorViewAppointmentsController.class
controllers\Secretary\SecretaryDeleteUserManualController.class
controllers\Patient\PatientViewPerscriptionController.class
Views\SignupView$4.class
Views\Patient\PatientViewHistoryView.class
Views\Admin\AdminCreateAccountView$1.class
Views\Patient\PatientRequestAppointmentView$2.class
Views\Secretary\SecretaryCompletePerscriptionView.class
controllers\Doctor\DoctorController$LogoutListener$1.class
controllers\Patient\PatientController$PatientFeedbackListener.class
controllers\Doctor\DoctorController$StartAppointmentListener.class
Views\LoginView$2.class
controllers\Doctor\DoctorStartAppointmentController.class
controllers\Admin\AdminController$AdminLogoutListener.class
controllers\Doctor\DoctorController$ViewAppointmentListener.class
controllers\Doctor\DoctorCreatePerscriptionController$ChangePatientListener.class
controllers\Secretary\SecretaryAppointmentController$SubmitListener.class
Views\Doctor\DoctorViewPatientView.class
controllers\Doctor\DoctorCreatePerscriptionController$BackListener.class
controllers\Admin\AdminController$AdminDoctorFeedbackListener.class
controllers\Secretary\SecretaryApprovePatientController.class
models\Medicine.class
controllers\Doctor\DoctorController$LogoutListener.class
controllers\Secretary\SecretaryApproveAppointmentController.class
models\NewAppointmentRequest.class
controllers\UserFactory.class
controllers\SignupController.class
controllers\Doctor\DoctorCreateNewMedicineController$SubmitListener.class
controllers\Secretary\SecretaryApprovePatientController$DeclineListener.class
controllers\Secretary\SecretaryController$SecretaryCreateAppointmentListener.class
models\Observer.class
controllers\Patient\PatientController$PatientViewPerscriptionListener.class
Views\LoginView.class
controllers\Secretary\SecretaryCompletePerscriptionController$PatientSelectListener.class
Views\Patient\PatientRequestAppointmentView$1.class
controllers\Patient\PatientController$PatientViewAppointmentListener.class
controllers\LoginController$SignupListener$1.class
Views\soft252ReferalView$4.class
controllers\Secretary\SecretaryAppointmentController.class
models\OrderMedicineRequest.class
Views\Doctor\DoctorView.class
controllers\Secretary\SecretaryOrderMedicineController$OrderListener.class
