C:\Users\richa_bfe6tpy\Documents\NetBeansProjects\final\src\main\java\Views\Doctor\DoctorStartAppointmentView.java
C:\Users\richa_bfe6tpy\Documents\NetBeansProjects\final\src\main\java\controllers\Doctor\DoctorController.java
C:\Users\richa_bfe6tpy\Documents\NetBeansProjects\final\src\main\java\models\Rating.java
C:\Users\richa_bfe6tpy\Documents\NetBeansProjects\final\src\main\java\models\user\Secretary.java
C:\Users\richa_bfe6tpy\Documents\NetBeansProjects\final\src\main\java\Views\Doctor\DoctorCreatePerscriptionView.java
C:\Users\richa_bfe6tpy\Documents\NetBeansProjects\final\src\main\java\controllers\Doctor\DoctorCreateNewMedicineController.java
C:\Users\richa_bfe6tpy\Documents\NetBeansProjects\final\src\main\java\Views\Doctor\DoctorViewAppointmentsView.java
C:\Users\richa_bfe6tpy\Documents\NetBeansProjects\final\src\main\java\controllers\Secretary\SecretaryAppointmentController.java
C:\Users\richa_bfe6tpy\Documents\NetBeansProjects\final\src\main\java\Views\Patient\PatientViewHistoryView.java
C:\Users\richa_bfe6tpy\Documents\NetBeansProjects\final\src\main\java\models\Request.java
C:\Users\richa_bfe6tpy\Documents\NetBeansProjects\final\src\main\java\Views\Secretary\SecretaryOrderMedicineView.java
C:\Users\richa_bfe6tpy\Documents\NetBeansProjects\final\src\main\java\models\user\Doctor.java
C:\Users\richa_bfe6tpy\Documents\NetBeansProjects\final\src\main\java\controllers\SignupController.java
C:\Users\richa_bfe6tpy\Documents\NetBeansProjects\final\src\main\java\controllers\Secretary\SecretaryDeleteUserRequestController.java
C:\Users\richa_bfe6tpy\Documents\NetBeansProjects\final\src\main\java\models\Medicine.java
C:\Users\richa_bfe6tpy\Documents\NetBeansProjects\final\src\main\java\models\Perscription.java
C:\Users\richa_bfe6tpy\Documents\NetBeansProjects\final\src\main\java\Views\Secretary\SecretaryApproveAppointmentView.java
C:\Users\richa_bfe6tpy\Documents\NetBeansProjects\final\src\main\java\controllers\MedicineFactory.java
C:\Users\richa_bfe6tpy\Documents\NetBeansProjects\final\src\main\java\Views\Admin\AdminViewRatingsView.java
C:\Users\richa_bfe6tpy\Documents\NetBeansProjects\final\src\main\java\Views\Doctor\DoctorCreateNewMedicineView.java
C:\Users\richa_bfe6tpy\Documents\NetBeansProjects\final\src\main\java\Views\Patient\PatientRequestAppointmentView.java
C:\Users\richa_bfe6tpy\Documents\NetBeansProjects\final\src\main\java\models\AppointmentRequest.java
C:\Users\richa_bfe6tpy\Documents\NetBeansProjects\final\src\main\java\controllers\Doctor\DoctorCreatePerscriptionController.java
C:\Users\richa_bfe6tpy\Documents\NetBeansProjects\final\src\main\java\Views\Secretary\SecretaryAppointmentView.java
C:\Users\richa_bfe6tpy\Documents\NetBeansProjects\final\src\main\java\controllers\Admin\AdminController.java
C:\Users\richa_bfe6tpy\Documents\NetBeansProjects\final\src\main\java\models\AccountDeleteRequest.java
C:\Users\richa_bfe6tpy\Documents\NetBeansProjects\final\src\main\java\controllers\Secretary\SecretaryCompletePerscriptionController.java
C:\Users\richa_bfe6tpy\Documents\NetBeansProjects\final\src\main\java\models\NewAccountRequest.java
C:\Users\richa_bfe6tpy\Documents\NetBeansProjects\final\src\main\java\controllers\Doctor\DoctorStartAppointmentController.java
C:\Users\richa_bfe6tpy\Documents\NetBeansProjects\final\src\main\java\Views\SignupView.java
C:\Users\richa_bfe6tpy\Documents\NetBeansProjects\final\src\main\java\controllers\Admin\AdminViewRatingsController.java
C:\Users\richa_bfe6tpy\Documents\NetBeansProjects\final\src\main\java\models\user\Patient.java
C:\Users\richa_bfe6tpy\Documents\NetBeansProjects\final\src\main\java\controllers\Patient\PatientViewAppointmentController.java
C:\Users\richa_bfe6tpy\Documents\NetBeansProjects\final\src\main\java\controllers\Secretary\SecretaryApprovePatientController.java
C:\Users\richa_bfe6tpy\Documents\NetBeansProjects\final\src\main\java\models\Appointment.java
C:\Users\richa_bfe6tpy\Documents\NetBeansProjects\final\src\main\java\controllers\Patient\PatientRequestAppointmentController.java
C:\Users\richa_bfe6tpy\Documents\NetBeansProjects\final\src\main\java\Views\Secretary\SecretaryView.java
C:\Users\richa_bfe6tpy\Documents\NetBeansProjects\final\src\main\java\controllers\RequestMaker.java
C:\Users\richa_bfe6tpy\Documents\NetBeansProjects\final\src\main\java\controllers\Patient\PatientLeaveFeedbackForDoctorController.java
C:\Users\richa_bfe6tpy\Documents\NetBeansProjects\final\src\main\java\Views\Secretary\SecretaryDeleteUserManualView.java
C:\Users\richa_bfe6tpy\Documents\NetBeansProjects\final\src\main\java\Views\Patient\PatientView.java
C:\Users\richa_bfe6tpy\Documents\NetBeansProjects\final\src\main\java\models\OrderMedicineRequest.java
C:\Users\richa_bfe6tpy\Documents\NetBeansProjects\final\src\main\java\controllers\Admin\AdminModifyDoctorsController.java
C:\Users\richa_bfe6tpy\Documents\NetBeansProjects\final\src\main\java\controllers\UserFactory.java
C:\Users\richa_bfe6tpy\Documents\NetBeansProjects\final\src\main\java\controllers\Patient\PatientController.java
C:\Users\richa_bfe6tpy\Documents\NetBeansProjects\final\src\main\java\controllers\Admin\AdminCreateAccountController.java
C:\Users\richa_bfe6tpy\Documents\NetBeansProjects\final\src\main\java\controllers\Patient\PatientViewPerscriptionController.java
C:\Users\richa_bfe6tpy\Documents\NetBeansProjects\final\src\main\java\models\Observable.java
C:\Users\richa_bfe6tpy\Documents\NetBeansProjects\final\src\main\java\Views\Patient\PatientLeaveFeedbackForDoctorView.java
C:\Users\richa_bfe6tpy\Documents\NetBeansProjects\final\src\main\java\controllers\Secretary\SecretaryApproveAppointmentController.java
C:\Users\richa_bfe6tpy\Documents\NetBeansProjects\final\src\main\java\controllers\Secretary\SecretaryDeleteUserManualController.java
C:\Users\richa_bfe6tpy\Documents\NetBeansProjects\final\src\main\java\Views\Admin\AdminView.java
C:\Users\richa_bfe6tpy\Documents\NetBeansProjects\final\src\main\java\Views\Patient\PatientViewAppointmentView.java
C:\Users\richa_bfe6tpy\Documents\NetBeansProjects\final\src\main\java\Views\Patient\PatientViewPerscriptionView.java
C:\Users\richa_bfe6tpy\Documents\NetBeansProjects\final\src\main\java\controllers\Doctor\DoctorViewPatientController.java
C:\Users\richa_bfe6tpy\Documents\NetBeansProjects\final\src\main\java\Views\Admin\AdminModifySecretariesView.java
C:\Users\richa_bfe6tpy\Documents\NetBeansProjects\final\src\main\java\controllers\Admin\AdminModifySecretariesController.java
C:\Users\richa_bfe6tpy\Documents\NetBeansProjects\final\src\main\java\Views\Secretary\SecretaryApprovePatientView.java
C:\Users\richa_bfe6tpy\Documents\NetBeansProjects\final\src\main\java\controllers\LoginController.java
C:\Users\richa_bfe6tpy\Documents\NetBeansProjects\final\src\main\java\Views\Admin\AdminModifyDoctorsView.java
C:\Users\richa_bfe6tpy\Documents\NetBeansProjects\final\src\main\java\Views\Doctor\DoctorView.java
C:\Users\richa_bfe6tpy\Documents\NetBeansProjects\final\src\main\java\controllers\Secretary\SecretaryOrderMedicineController.java
C:\Users\richa_bfe6tpy\Documents\NetBeansProjects\final\src\main\java\Views\Admin\AdminDoctorFeedBackView.java
C:\Users\richa_bfe6tpy\Documents\NetBeansProjects\final\src\main\java\controllers\Patient\PatientViewHistoryController.java
C:\Users\richa_bfe6tpy\Documents\NetBeansProjects\final\src\main\java\models\user\User.java
C:\Users\richa_bfe6tpy\Documents\NetBeansProjects\final\src\main\java\controllers\Admin\AdminDoctorFeedBackController.java
C:\Users\richa_bfe6tpy\Documents\NetBeansProjects\final\src\main\java\controllers\Secretary\SecretaryController.java
C:\Users\richa_bfe6tpy\Documents\NetBeansProjects\final\src\main\java\Views\LoginView.java
C:\Users\richa_bfe6tpy\Documents\NetBeansProjects\final\src\main\java\Views\Admin\AdminCreateAccountView.java
C:\Users\richa_bfe6tpy\Documents\NetBeansProjects\final\src\main\java\Views\Secretary\SecretaryCompletePerscriptionView.java
C:\Users\richa_bfe6tpy\Documents\NetBeansProjects\final\src\main\java\Views\Secretary\SecretaryDeleteUserRequestView.java
C:\Users\richa_bfe6tpy\Documents\NetBeansProjects\final\src\main\java\Views\soft252ReferalView.java
C:\Users\richa_bfe6tpy\Documents\NetBeansProjects\final\src\main\java\controllers\Doctor\DoctorViewAppointmentsController.java
C:\Users\richa_bfe6tpy\Documents\NetBeansProjects\final\src\main\java\Views\Doctor\DoctorViewPatientView.java
C:\Users\richa_bfe6tpy\Documents\NetBeansProjects\final\src\main\java\models\Observer.java
C:\Users\richa_bfe6tpy\Documents\NetBeansProjects\final\src\main\java\models\user\Administrator.java
C:\Users\richa_bfe6tpy\Documents\NetBeansProjects\final\src\main\java\models\NewAppointmentRequest.java
